time block=00 ms=24.9
time block=01 ms=4.5
time block=02 ms=4.1
time block=03 ms=3.8
time block=04 ms=4.1
time block=05 ms=3.5
time block=06 ms=3.0
time block=07 ms=3.1
time block=08 ms=3.2
time block=09 ms=2.7
time block=10 ms=2.8
time block=11 ms=2.7
time block=12 ms=2.8
time block=13 ms=2.8
time block=14 ms=2.9
time block=15 ms=2.7
time block=16 ms=2.9
time block=17 ms=2.6
time block=18 ms=2.8
time block=19 ms=2.4
time block=20 ms=2.9
time block=21 ms=2.7
time block=22 ms=2.7
time block=23 ms=1.8
time block=24 ms=1.7
time block=25 ms=1.8
time block=26 ms=1.7
time block=27 ms=1.7
time block=28 ms=1.7
time block=29 ms=1.7
time block=30 ms=1.8
time block=31 ms=3.0
time block=32 ms=2.9
time block=33 ms=2.9
time block=34 ms=2.9
time block=35 ms=2.9
time block=36 ms=2.9
time block=37 ms=3.0
time block=38 ms=2.9
time block=39 ms=0.1
time block=40 ms=1.7
time block=41 ms=1.7
time block=42 ms=1.7
time block=43 ms=1.7
time block=44 ms=1.7
time block=45 ms=1.7
time block=46 ms=1.7
time block=47 ms=1.7
time block=48 ms=2.5
time block=49 ms=2.9
time block=50 ms=2.7
time block=51 ms=2.7
time block=52 ms=2.5
time block=53 ms=2.8
time block=54 ms=2.6
time block=55 ms=2.8
time block=56 ms=3.0
time block=57 ms=2.8
time block=58 ms=2.8
time block=59 ms=2.9
time block=60 ms=2.7
time block=61 ms=2.8
time block=62 ms=3.3
time block=63 ms=3.2
time block=64 ms=3.1
time block=65 ms=3.1
time block=66 ms=4.1
time block=67 ms=4.0
time block=68 ms=3.9
time block=69 ms=3.9
time block=70 ms=16.8
time total_ms=230.4 (head+download after block 70 included)
time block=00 ms=18.4
time block=01 ms=4.4
time block=02 ms=3.9
time block=03 ms=3.8
time block=04 ms=4.1
time block=05 ms=3.5
time block=06 ms=3.2
time block=07 ms=3.0
time block=08 ms=3.2
time block=09 ms=2.8
time block=10 ms=2.8
time block=11 ms=2.7
time block=12 ms=2.8
time block=13 ms=2.8
time block=14 ms=2.9
time block=15 ms=2.7
time block=16 ms=2.9
time block=17 ms=2.7
time block=18 ms=2.8
time block=19 ms=2.4
time block=20 ms=3.0
time block=21 ms=2.5
time block=22 ms=2.7
time block=23 ms=1.8
time block=24 ms=1.7
time block=25 ms=1.7
time block=26 ms=1.7
time block=27 ms=1.7
time block=28 ms=1.7
time block=29 ms=1.7
time block=30 ms=1.7
time block=31 ms=3.0
time block=32 ms=2.9
time block=33 ms=2.9
time block=34 ms=2.9
time block=35 ms=2.9
time block=36 ms=2.9
time block=37 ms=2.9
time block=38 ms=2.9
time block=39 ms=0.1
time block=40 ms=1.7
time block=41 ms=1.7
time block=42 ms=1.7
time block=43 ms=1.7
time block=44 ms=1.7
time block=45 ms=1.7
time block=46 ms=1.7
time block=47 ms=1.7
time block=48 ms=2.5
time block=49 ms=3.0
time block=50 ms=2.7
time block=51 ms=2.7
time block=52 ms=2.5
time block=53 ms=2.8
time block=54 ms=2.7
time block=55 ms=2.8
time block=56 ms=2.8
time block=57 ms=2.9
time block=58 ms=2.8
time block=59 ms=2.8
time block=60 ms=2.9
time block=61 ms=2.8
time block=62 ms=3.2
time block=63 ms=3.2
time block=64 ms=3.1
time block=65 ms=3.2
time block=66 ms=4.1
time block=67 ms=3.9
time block=68 ms=3.9
time block=69 ms=3.9
time block=70 ms=16.8
time total_ms=224.0 (head+download after block 70 included)
{
  "input": "/home/bartek/Pictures/test_1080p.png",
  "output": "/home/bartek/Pictures/dlss5_t2.png",
  "weights": "/home/bartek/.cache/dlss5-hip/weights/lmxxf-15799b1-amd-consumer-derived-v1/e16bcf15e16e13f527491cdf7845b2fe6521a738d8f7c9c721866a8496e1fc8e",
  "layout_mode": "amd-consumer-derived",
  "nvidia_equivalence_verified": false,
  "blocks": 71,
  "seed": 0,
  "model_init_ms": 788.117208000017,
  "run_wall_ms": [
    239.1584970000622,
    231.91830300004312
  ],
  "replay_equal": true,
  "finite": true,
  "mean_abs_change": 0.015868958085775375,
  "library_sha256": "598d842338f1bdfd46843a30b9116da434e985f8ce624b326bc2fa4e0326f2f1",
  "output_sha256": "d283125b1878290a513713b0c17bf487082487415db1065c9c5ddec00bc5d6b9",
  "note": "Offline display-encoded image inference; not a game/HDR or NVIDIA reference comparison."
}
