time block=00 ms=280.5
time block=01 ms=68.4
time block=02 ms=69.6
time block=03 ms=68.6
time block=04 ms=69.1
time block=05 ms=58.9
time block=06 ms=61.3
time block=07 ms=59.5
time block=08 ms=61.0
time block=09 ms=56.1
time block=10 ms=60.6
time block=11 ms=57.3
time block=12 ms=58.6
time block=13 ms=55.8
time block=14 ms=60.8
time block=15 ms=54.8
time block=16 ms=64.2
time block=17 ms=58.4
time block=18 ms=60.1
time block=19 ms=54.5
time block=20 ms=64.1
time block=21 ms=58.6
time block=22 ms=60.0
time block=23 ms=40.1
time block=24 ms=40.0
time block=25 ms=39.5
time block=26 ms=39.6
time block=27 ms=40.1
time block=28 ms=39.8
time block=29 ms=39.6
time block=30 ms=39.7
time block=31 ms=56.6
time block=32 ms=56.8
time block=33 ms=57.0
time block=34 ms=57.0
time block=35 ms=57.2
time block=36 ms=57.1
time block=37 ms=56.5
time block=38 ms=57.0
time block=39 ms=0.1
time block=40 ms=39.9
time block=41 ms=39.8
time block=42 ms=40.1
time block=43 ms=40.2
time block=44 ms=39.7
time block=45 ms=39.4
time block=46 ms=40.2
time block=47 ms=40.1
time block=48 ms=54.7
time block=49 ms=64.2
time block=50 ms=58.3
time block=51 ms=60.6
time block=52 ms=54.7
time block=53 ms=64.1
time block=54 ms=58.3
time block=55 ms=59.9
time block=56 ms=57.3
time block=57 ms=58.7
time block=58 ms=56.0
time block=59 ms=60.4
time block=60 ms=57.7
time block=61 ms=58.7
time block=62 ms=58.9
time block=63 ms=61.4
time block=64 ms=60.0
time block=65 ms=60.6
time block=66 ms=68.0
time block=67 ms=69.5
time block=68 ms=68.4
time block=69 ms=68.8
time block=70 ms=274.3
time total_ms=4331.2 (head+download after block 70 included)
time block=00 ms=272.8
time block=01 ms=68.6
time block=02 ms=69.2
time block=03 ms=68.2
time block=04 ms=69.0
time block=05 ms=59.2
time block=06 ms=61.6
time block=07 ms=59.9
time block=08 ms=60.8
time block=09 ms=55.9
time block=10 ms=60.7
time block=11 ms=57.3
time block=12 ms=58.9
time block=13 ms=56.1
time block=14 ms=60.6
time block=15 ms=54.9
time block=16 ms=64.0
time block=17 ms=58.3
time block=18 ms=60.3
time block=19 ms=54.6
time block=20 ms=63.9
time block=21 ms=58.2
time block=22 ms=60.7
time block=23 ms=40.3
time block=24 ms=39.4
time block=25 ms=39.8
time block=26 ms=40.1
time block=27 ms=40.1
time block=28 ms=39.7
time block=29 ms=39.9
time block=30 ms=39.8
time block=31 ms=57.0
time block=32 ms=57.3
time block=33 ms=56.9
time block=34 ms=56.5
time block=35 ms=57.3
time block=36 ms=57.0
time block=37 ms=56.8
time block=38 ms=56.9
time block=39 ms=0.1
time block=40 ms=39.7
time block=41 ms=40.2
time block=42 ms=40.1
time block=43 ms=39.7
time block=44 ms=39.7
time block=45 ms=39.6
time block=46 ms=40.2
time block=47 ms=39.7
time block=48 ms=54.2
time block=49 ms=64.0
time block=50 ms=58.7
time block=51 ms=60.2
time block=52 ms=54.5
time block=53 ms=63.9
time block=54 ms=58.0
time block=55 ms=60.2
time block=56 ms=57.8
time block=57 ms=58.7
time block=58 ms=55.7
time block=59 ms=60.7
time block=60 ms=57.4
time block=61 ms=59.1
time block=62 ms=59.1
time block=63 ms=61.6
time block=64 ms=59.8
time block=65 ms=60.7
time block=66 ms=67.8
time block=67 ms=69.5
time block=68 ms=68.4
time block=69 ms=69.2
time block=70 ms=273.8
time total_ms=4324.0 (head+download after block 70 included)
{
  "input": "/home/bartek/Pictures/test_1080p.png",
  "output": "/home/bartek/Pictures/dlss5_t.png",
  "weights": "/home/bartek/.cache/dlss5-hip/weights/lmxxf-15799b1-amd-consumer-derived-v1/e16bcf15e16e13f527491cdf7845b2fe6521a738d8f7c9c721866a8496e1fc8e",
  "layout_mode": "amd-consumer-derived",
  "nvidia_equivalence_verified": false,
  "blocks": 71,
  "seed": 0,
  "model_init_ms": 785.9524629966472,
  "run_wall_ms": [
    4339.860346000933,
    4332.807731996581
  ],
  "replay_equal": true,
  "finite": true,
  "mean_abs_change": 0.015868958085775375,
  "library_sha256": "c578f0ef80c4c268ad70fbb817ce1481cfd0f69863b0c35afbd8741531ed952d",
  "output_sha256": "d283125b1878290a513713b0c17bf487082487415db1065c9c5ddec00bc5d6b9",
  "note": "Offline display-encoded image inference; not a game/HDR or NVIDIA reference comparison."
}
